[debug] [2025-05-20T21:16:01.458Z] ----------------------------------------------------------------------
[debug] [2025-05-20T21:16:01.459Z] Command:       /home/benbot16/.n/bin/node /home/benbot16/.n/bin/firebase deploy -m initial test
[debug] [2025-05-20T21:16:01.459Z] CLI Version:   14.4.0
[debug] [2025-05-20T21:16:01.459Z] Platform:      linux
[debug] [2025-05-20T21:16:01.459Z] Node Version:  v22.15.1
[debug] [2025-05-20T21:16:01.459Z] Time:          Tue May 20 2025 14:16:01 GMT-0700 (Pacific Daylight Time)
[debug] [2025-05-20T21:16:01.460Z] ----------------------------------------------------------------------
[debug] 
[debug] [2025-05-20T21:16:01.568Z] Field "/hosting" in "firebase.json" is possibly invalid: must be object
[debug] [2025-05-20T21:16:01.568Z] Object "/hosting/0" in "firebase.json" is missing required property: {"missingProperty":"target"}
[debug] [2025-05-20T21:16:01.568Z] Object "/hosting/0" in "firebase.json" is missing required property: {"missingProperty":"site"}
[debug] [2025-05-20T21:16:01.568Z] Field "/hosting/0" in "firebase.json" is possibly invalid: must match a schema in anyOf
[debug] [2025-05-20T21:16:01.568Z] Field "/hosting" in "firebase.json" is possibly invalid: must match a schema in anyOf
[debug] [2025-05-20T21:16:01.570Z] > command requires scopes: ["email","openid","https://www.googleapis.com/auth/cloudplatformprojects.readonly","https://www.googleapis.com/auth/firebase","https://www.googleapis.com/auth/cloud-platform"]
[debug] [2025-05-20T21:16:01.570Z] > authorizing via signed-in user (bbreslich@gmail.com)
[debug] [2025-05-20T21:16:01.570Z] [iam] checking project asl-481 for permissions ["cloudfunctions.functions.create","cloudfunctions.functions.delete","cloudfunctions.functions.get","cloudfunctions.functions.list","cloudfunctions.functions.update","cloudfunctions.operations.get","datastore.indexes.create","datastore.indexes.delete","datastore.indexes.list","datastore.indexes.update","firebase.projects.get","firebasehosting.sites.update","firebaserules.releases.create","firebaserules.releases.update","firebaserules.rulesets.create",null]
[debug] [2025-05-20T21:16:01.571Z] Checked if tokens are valid: true, expires at: 1747779226829
[debug] [2025-05-20T21:16:01.571Z] Checked if tokens are valid: true, expires at: 1747779226829
[debug] [2025-05-20T21:16:01.572Z] >>> [apiv2][query] POST https://cloudresourcemanager.googleapis.com/v1/projects/asl-481:testIamPermissions [none]
[debug] [2025-05-20T21:16:01.572Z] >>> [apiv2][(partial)header] POST https://cloudresourcemanager.googleapis.com/v1/projects/asl-481:testIamPermissions x-goog-quota-user=projects/asl-481
[debug] [2025-05-20T21:16:01.572Z] >>> [apiv2][body] POST https://cloudresourcemanager.googleapis.com/v1/projects/asl-481:testIamPermissions {"permissions":["cloudfunctions.functions.create","cloudfunctions.functions.delete","cloudfunctions.functions.get","cloudfunctions.functions.list","cloudfunctions.functions.update","cloudfunctions.operations.get","datastore.indexes.create","datastore.indexes.delete","datastore.indexes.list","datastore.indexes.update","firebase.projects.get","firebasehosting.sites.update","firebaserules.releases.create","firebaserules.releases.update","firebaserules.rulesets.create",null]}
[debug] [2025-05-20T21:16:01.714Z] <<< [apiv2][status] POST https://cloudresourcemanager.googleapis.com/v1/projects/asl-481:testIamPermissions 200
[debug] [2025-05-20T21:16:01.714Z] <<< [apiv2][body] POST https://cloudresourcemanager.googleapis.com/v1/projects/asl-481:testIamPermissions {"permissions":["cloudfunctions.functions.create","cloudfunctions.functions.delete","cloudfunctions.functions.get","cloudfunctions.functions.list","cloudfunctions.functions.update","cloudfunctions.operations.get","datastore.indexes.create","datastore.indexes.delete","datastore.indexes.list","datastore.indexes.update","firebase.projects.get","firebasehosting.sites.update","firebaserules.releases.create","firebaserules.releases.update","firebaserules.rulesets.create"]}
[debug] [2025-05-20T21:16:01.714Z] [iam] error while checking permissions, command may fail: Authorization failed. This account is missing the following required permissions on project asl-481:

  
[debug] [2025-05-20T21:16:01.715Z] Checked if tokens are valid: true, expires at: 1747779226829
[debug] [2025-05-20T21:16:01.715Z] Checked if tokens are valid: true, expires at: 1747779226829
[debug] [2025-05-20T21:16:01.715Z] >>> [apiv2][query] POST https://iam.googleapis.com/v1/projects/asl-481/serviceAccounts/asl-481@appspot.gserviceaccount.com:testIamPermissions [none]
[debug] [2025-05-20T21:16:01.715Z] >>> [apiv2][body] POST https://iam.googleapis.com/v1/projects/asl-481/serviceAccounts/asl-481@appspot.gserviceaccount.com:testIamPermissions {"permissions":["iam.serviceAccounts.actAs"]}
[debug] [2025-05-20T21:16:02.107Z] <<< [apiv2][status] POST https://iam.googleapis.com/v1/projects/asl-481/serviceAccounts/asl-481@appspot.gserviceaccount.com:testIamPermissions 200
[debug] [2025-05-20T21:16:02.107Z] <<< [apiv2][body] POST https://iam.googleapis.com/v1/projects/asl-481/serviceAccounts/asl-481@appspot.gserviceaccount.com:testIamPermissions {"permissions":["iam.serviceAccounts.actAs"]}
[debug] [2025-05-20T21:16:02.107Z] Checked if tokens are valid: true, expires at: 1747779226829
[debug] [2025-05-20T21:16:02.107Z] Checked if tokens are valid: true, expires at: 1747779226829
[debug] [2025-05-20T21:16:02.108Z] >>> [apiv2][query] GET https://firebase.googleapis.com/v1beta1/projects/asl-481 [none]
[debug] [2025-05-20T21:16:02.253Z] <<< [apiv2][status] GET https://firebase.googleapis.com/v1beta1/projects/asl-481 200
[debug] [2025-05-20T21:16:02.253Z] <<< [apiv2][body] GET https://firebase.googleapis.com/v1beta1/projects/asl-481 {"projectId":"asl-481","projectNumber":"193153394006","displayName":"ASL-481","name":"projects/asl-481","resources":{"hostingSite":"asl-481"},"state":"ACTIVE","etag":"1_ded08c76-c95b-451e-875b-d36eb7986bcd"}
[error] 
[error] Error: Assertion failed: resolving hosting target of a site with no site name or target name. This should have caused an error earlier
[debug] [2025-05-20T21:18:13.632Z] ----------------------------------------------------------------------
[debug] [2025-05-20T21:18:13.634Z] Command:       /home/benbot16/.n/bin/node /home/benbot16/.n/bin/firebase deploy
[debug] [2025-05-20T21:18:13.634Z] CLI Version:   14.4.0
[debug] [2025-05-20T21:18:13.634Z] Platform:      linux
[debug] [2025-05-20T21:18:13.634Z] Node Version:  v22.15.1
[debug] [2025-05-20T21:18:13.634Z] Time:          Tue May 20 2025 14:18:13 GMT-0700 (Pacific Daylight Time)
[debug] [2025-05-20T21:18:13.634Z] ----------------------------------------------------------------------
[debug] 
[debug] [2025-05-20T21:18:13.738Z] Field "/hosting" in "firebase.json" is possibly invalid: must be object
[debug] [2025-05-20T21:18:13.738Z] Object "/hosting/0" in "firebase.json" is missing required property: {"missingProperty":"target"}
[debug] [2025-05-20T21:18:13.738Z] Object "/hosting/0" in "firebase.json" is missing required property: {"missingProperty":"site"}
[debug] [2025-05-20T21:18:13.738Z] Field "/hosting/0" in "firebase.json" is possibly invalid: must match a schema in anyOf
[debug] [2025-05-20T21:18:13.738Z] Field "/hosting" in "firebase.json" is possibly invalid: must match a schema in anyOf
[debug] [2025-05-20T21:18:13.741Z] > command requires scopes: ["email","openid","https://www.googleapis.com/auth/cloudplatformprojects.readonly","https://www.googleapis.com/auth/firebase","https://www.googleapis.com/auth/cloud-platform"]
[debug] [2025-05-20T21:18:13.741Z] > authorizing via signed-in user (bbreslich@gmail.com)
[debug] [2025-05-20T21:18:13.741Z] [iam] checking project asl-481 for permissions ["cloudfunctions.functions.create","cloudfunctions.functions.delete","cloudfunctions.functions.get","cloudfunctions.functions.list","cloudfunctions.functions.update","cloudfunctions.operations.get","datastore.indexes.create","datastore.indexes.delete","datastore.indexes.list","datastore.indexes.update","firebase.projects.get","firebasehosting.sites.update","firebaserules.releases.create","firebaserules.releases.update","firebaserules.rulesets.create",null]
[debug] [2025-05-20T21:18:13.742Z] Checked if tokens are valid: true, expires at: 1747779226829
[debug] [2025-05-20T21:18:13.742Z] Checked if tokens are valid: true, expires at: 1747779226829
[debug] [2025-05-20T21:18:13.743Z] >>> [apiv2][query] POST https://cloudresourcemanager.googleapis.com/v1/projects/asl-481:testIamPermissions [none]
[debug] [2025-05-20T21:18:13.743Z] >>> [apiv2][(partial)header] POST https://cloudresourcemanager.googleapis.com/v1/projects/asl-481:testIamPermissions x-goog-quota-user=projects/asl-481
[debug] [2025-05-20T21:18:13.743Z] >>> [apiv2][body] POST https://cloudresourcemanager.googleapis.com/v1/projects/asl-481:testIamPermissions {"permissions":["cloudfunctions.functions.create","cloudfunctions.functions.delete","cloudfunctions.functions.get","cloudfunctions.functions.list","cloudfunctions.functions.update","cloudfunctions.operations.get","datastore.indexes.create","datastore.indexes.delete","datastore.indexes.list","datastore.indexes.update","firebase.projects.get","firebasehosting.sites.update","firebaserules.releases.create","firebaserules.releases.update","firebaserules.rulesets.create",null]}
[debug] [2025-05-20T21:18:13.866Z] <<< [apiv2][status] POST https://cloudresourcemanager.googleapis.com/v1/projects/asl-481:testIamPermissions 200
[debug] [2025-05-20T21:18:13.866Z] <<< [apiv2][body] POST https://cloudresourcemanager.googleapis.com/v1/projects/asl-481:testIamPermissions {"permissions":["cloudfunctions.functions.create","cloudfunctions.functions.delete","cloudfunctions.functions.get","cloudfunctions.functions.list","cloudfunctions.functions.update","cloudfunctions.operations.get","datastore.indexes.create","datastore.indexes.delete","datastore.indexes.list","datastore.indexes.update","firebase.projects.get","firebasehosting.sites.update","firebaserules.releases.create","firebaserules.releases.update","firebaserules.rulesets.create"]}
[debug] [2025-05-20T21:18:13.867Z] [iam] error while checking permissions, command may fail: Authorization failed. This account is missing the following required permissions on project asl-481:

  
[debug] [2025-05-20T21:18:13.867Z] Checked if tokens are valid: true, expires at: 1747779226829
[debug] [2025-05-20T21:18:13.867Z] Checked if tokens are valid: true, expires at: 1747779226829
[debug] [2025-05-20T21:18:13.867Z] >>> [apiv2][query] POST https://iam.googleapis.com/v1/projects/asl-481/serviceAccounts/asl-481@appspot.gserviceaccount.com:testIamPermissions [none]
[debug] [2025-05-20T21:18:13.867Z] >>> [apiv2][body] POST https://iam.googleapis.com/v1/projects/asl-481/serviceAccounts/asl-481@appspot.gserviceaccount.com:testIamPermissions {"permissions":["iam.serviceAccounts.actAs"]}
[debug] [2025-05-20T21:18:14.285Z] <<< [apiv2][status] POST https://iam.googleapis.com/v1/projects/asl-481/serviceAccounts/asl-481@appspot.gserviceaccount.com:testIamPermissions 200
[debug] [2025-05-20T21:18:14.285Z] <<< [apiv2][body] POST https://iam.googleapis.com/v1/projects/asl-481/serviceAccounts/asl-481@appspot.gserviceaccount.com:testIamPermissions {"permissions":["iam.serviceAccounts.actAs"]}
[debug] [2025-05-20T21:18:14.286Z] Checked if tokens are valid: true, expires at: 1747779226829
[debug] [2025-05-20T21:18:14.286Z] Checked if tokens are valid: true, expires at: 1747779226829
[debug] [2025-05-20T21:18:14.286Z] >>> [apiv2][query] GET https://firebase.googleapis.com/v1beta1/projects/asl-481 [none]
[debug] [2025-05-20T21:18:14.469Z] <<< [apiv2][status] GET https://firebase.googleapis.com/v1beta1/projects/asl-481 200
[debug] [2025-05-20T21:18:14.469Z] <<< [apiv2][body] GET https://firebase.googleapis.com/v1beta1/projects/asl-481 {"projectId":"asl-481","projectNumber":"193153394006","displayName":"ASL-481","name":"projects/asl-481","resources":{"hostingSite":"asl-481"},"state":"ACTIVE","etag":"1_ded08c76-c95b-451e-875b-d36eb7986bcd"}
[error] 
[error] Error: Assertion failed: resolving hosting target of a site with no site name or target name. This should have caused an error earlier
[debug] [2025-05-20T21:27:16.845Z] ----------------------------------------------------------------------
[debug] [2025-05-20T21:27:16.846Z] Command:       /home/benbot16/.n/bin/node /home/benbot16/.n/bin/firebase deploy
[debug] [2025-05-20T21:27:16.846Z] CLI Version:   14.4.0
[debug] [2025-05-20T21:27:16.847Z] Platform:      linux
[debug] [2025-05-20T21:27:16.847Z] Node Version:  v22.15.1
[debug] [2025-05-20T21:27:16.847Z] Time:          Tue May 20 2025 14:27:16 GMT-0700 (Pacific Daylight Time)
[debug] [2025-05-20T21:27:16.847Z] ----------------------------------------------------------------------
[debug] 
[debug] [2025-05-20T21:27:16.943Z] Field "/hosting" in "firebase.json" is possibly invalid: must be object
[debug] [2025-05-20T21:27:16.943Z] Object "/hosting/0" in "firebase.json" is missing required property: {"missingProperty":"target"}
[debug] [2025-05-20T21:27:16.943Z] Object "/hosting/0" in "firebase.json" is missing required property: {"missingProperty":"site"}
[debug] [2025-05-20T21:27:16.943Z] Field "/hosting/0" in "firebase.json" is possibly invalid: must match a schema in anyOf
[debug] [2025-05-20T21:27:16.943Z] Field "/hosting" in "firebase.json" is possibly invalid: must match a schema in anyOf
[debug] [2025-05-20T21:27:16.945Z] > command requires scopes: ["email","openid","https://www.googleapis.com/auth/cloudplatformprojects.readonly","https://www.googleapis.com/auth/firebase","https://www.googleapis.com/auth/cloud-platform"]
[debug] [2025-05-20T21:27:16.945Z] > authorizing via signed-in user (bbreslich@gmail.com)
[debug] [2025-05-20T21:27:16.945Z] [iam] checking project asl-481 for permissions ["cloudfunctions.functions.create","cloudfunctions.functions.delete","cloudfunctions.functions.get","cloudfunctions.functions.list","cloudfunctions.functions.update","cloudfunctions.operations.get","datastore.indexes.create","datastore.indexes.delete","datastore.indexes.list","datastore.indexes.update","firebase.projects.get","firebasehosting.sites.update","firebaserules.releases.create","firebaserules.releases.update","firebaserules.rulesets.create",null]
[debug] [2025-05-20T21:27:16.946Z] Checked if tokens are valid: true, expires at: 1747779226829
[debug] [2025-05-20T21:27:16.946Z] Checked if tokens are valid: true, expires at: 1747779226829
[debug] [2025-05-20T21:27:16.946Z] >>> [apiv2][query] POST https://cloudresourcemanager.googleapis.com/v1/projects/asl-481:testIamPermissions [none]
[debug] [2025-05-20T21:27:16.946Z] >>> [apiv2][(partial)header] POST https://cloudresourcemanager.googleapis.com/v1/projects/asl-481:testIamPermissions x-goog-quota-user=projects/asl-481
[debug] [2025-05-20T21:27:16.946Z] >>> [apiv2][body] POST https://cloudresourcemanager.googleapis.com/v1/projects/asl-481:testIamPermissions {"permissions":["cloudfunctions.functions.create","cloudfunctions.functions.delete","cloudfunctions.functions.get","cloudfunctions.functions.list","cloudfunctions.functions.update","cloudfunctions.operations.get","datastore.indexes.create","datastore.indexes.delete","datastore.indexes.list","datastore.indexes.update","firebase.projects.get","firebasehosting.sites.update","firebaserules.releases.create","firebaserules.releases.update","firebaserules.rulesets.create",null]}
[debug] [2025-05-20T21:27:17.335Z] <<< [apiv2][status] POST https://cloudresourcemanager.googleapis.com/v1/projects/asl-481:testIamPermissions 200
[debug] [2025-05-20T21:27:17.335Z] <<< [apiv2][body] POST https://cloudresourcemanager.googleapis.com/v1/projects/asl-481:testIamPermissions {"permissions":["cloudfunctions.functions.create","cloudfunctions.functions.delete","cloudfunctions.functions.get","cloudfunctions.functions.list","cloudfunctions.functions.update","cloudfunctions.operations.get","datastore.indexes.create","datastore.indexes.delete","datastore.indexes.list","datastore.indexes.update","firebase.projects.get","firebasehosting.sites.update","firebaserules.releases.create","firebaserules.releases.update","firebaserules.rulesets.create"]}
[debug] [2025-05-20T21:27:17.335Z] [iam] error while checking permissions, command may fail: Authorization failed. This account is missing the following required permissions on project asl-481:

  
[debug] [2025-05-20T21:27:17.335Z] Checked if tokens are valid: true, expires at: 1747779226829
[debug] [2025-05-20T21:27:17.335Z] Checked if tokens are valid: true, expires at: 1747779226829
[debug] [2025-05-20T21:27:17.335Z] >>> [apiv2][query] POST https://iam.googleapis.com/v1/projects/asl-481/serviceAccounts/asl-481@appspot.gserviceaccount.com:testIamPermissions [none]
[debug] [2025-05-20T21:27:17.336Z] >>> [apiv2][body] POST https://iam.googleapis.com/v1/projects/asl-481/serviceAccounts/asl-481@appspot.gserviceaccount.com:testIamPermissions {"permissions":["iam.serviceAccounts.actAs"]}
[debug] [2025-05-20T21:27:17.597Z] <<< [apiv2][status] POST https://iam.googleapis.com/v1/projects/asl-481/serviceAccounts/asl-481@appspot.gserviceaccount.com:testIamPermissions 200
[debug] [2025-05-20T21:27:17.597Z] <<< [apiv2][body] POST https://iam.googleapis.com/v1/projects/asl-481/serviceAccounts/asl-481@appspot.gserviceaccount.com:testIamPermissions {"permissions":["iam.serviceAccounts.actAs"]}
[debug] [2025-05-20T21:27:17.597Z] Checked if tokens are valid: true, expires at: 1747779226829
[debug] [2025-05-20T21:27:17.597Z] Checked if tokens are valid: true, expires at: 1747779226829
[debug] [2025-05-20T21:27:17.597Z] >>> [apiv2][query] GET https://firebase.googleapis.com/v1beta1/projects/asl-481 [none]
[debug] [2025-05-20T21:27:17.937Z] <<< [apiv2][status] GET https://firebase.googleapis.com/v1beta1/projects/asl-481 200
[debug] [2025-05-20T21:27:17.937Z] <<< [apiv2][body] GET https://firebase.googleapis.com/v1beta1/projects/asl-481 {"projectId":"asl-481","projectNumber":"193153394006","displayName":"ASL-481","name":"projects/asl-481","resources":{"hostingSite":"asl-481"},"state":"ACTIVE","etag":"1_ded08c76-c95b-451e-875b-d36eb7986bcd"}
[error] 
[error] Error: Assertion failed: resolving hosting target of a site with no site name or target name. This should have caused an error earlier
[debug] [2025-05-20T21:30:41.362Z] ----------------------------------------------------------------------
[debug] [2025-05-20T21:30:41.363Z] Command:       /home/benbot16/.n/bin/node /home/benbot16/.n/bin/firebase deploy --only apphosting:backendId
[debug] [2025-05-20T21:30:41.364Z] CLI Version:   14.4.0
[debug] [2025-05-20T21:30:41.364Z] Platform:      linux
[debug] [2025-05-20T21:30:41.364Z] Node Version:  v22.15.1
[debug] [2025-05-20T21:30:41.364Z] Time:          Tue May 20 2025 14:30:41 GMT-0700 (Pacific Daylight Time)
[debug] [2025-05-20T21:30:41.364Z] ----------------------------------------------------------------------
[debug] 
[debug] [2025-05-20T21:30:41.460Z] Field "/hosting" in "firebase.json" is possibly invalid: must be object
[debug] [2025-05-20T21:30:41.460Z] Object "/hosting/0" in "firebase.json" is missing required property: {"missingProperty":"target"}
[debug] [2025-05-20T21:30:41.460Z] Object "/hosting/0" in "firebase.json" is missing required property: {"missingProperty":"site"}
[debug] [2025-05-20T21:30:41.460Z] Field "/hosting/0" in "firebase.json" is possibly invalid: must match a schema in anyOf
[debug] [2025-05-20T21:30:41.460Z] Field "/hosting" in "firebase.json" is possibly invalid: must match a schema in anyOf
[debug] [2025-05-20T21:30:41.462Z] > command requires scopes: ["email","openid","https://www.googleapis.com/auth/cloudplatformprojects.readonly","https://www.googleapis.com/auth/firebase","https://www.googleapis.com/auth/cloud-platform"]
[debug] [2025-05-20T21:30:41.462Z] > authorizing via signed-in user (bbreslich@gmail.com)
[debug] [2025-05-20T21:30:41.463Z] [iam] checking project asl-481 for permissions ["firebase.projects.get",null]
[debug] [2025-05-20T21:30:41.463Z] Checked if tokens are valid: true, expires at: 1747779226829
[debug] [2025-05-20T21:30:41.463Z] Checked if tokens are valid: true, expires at: 1747779226829
[debug] [2025-05-20T21:30:41.464Z] >>> [apiv2][query] POST https://cloudresourcemanager.googleapis.com/v1/projects/asl-481:testIamPermissions [none]
[debug] [2025-05-20T21:30:41.464Z] >>> [apiv2][(partial)header] POST https://cloudresourcemanager.googleapis.com/v1/projects/asl-481:testIamPermissions x-goog-quota-user=projects/asl-481
[debug] [2025-05-20T21:30:41.464Z] >>> [apiv2][body] POST https://cloudresourcemanager.googleapis.com/v1/projects/asl-481:testIamPermissions {"permissions":["firebase.projects.get",null]}
[debug] [2025-05-20T21:30:41.650Z] <<< [apiv2][status] POST https://cloudresourcemanager.googleapis.com/v1/projects/asl-481:testIamPermissions 200
[debug] [2025-05-20T21:30:41.650Z] <<< [apiv2][body] POST https://cloudresourcemanager.googleapis.com/v1/projects/asl-481:testIamPermissions {"permissions":["firebase.projects.get"]}
[debug] [2025-05-20T21:30:41.650Z] [iam] error while checking permissions, command may fail: Authorization failed. This account is missing the following required permissions on project asl-481:

  
[info] 
[info] === Deploying to 'asl-481'...
[info] 
[info] i  deploying apphosting 
[debug] [2025-05-20T21:30:41.652Z] Checked if tokens are valid: true, expires at: 1747779226829
[debug] [2025-05-20T21:30:41.652Z] Checked if tokens are valid: true, expires at: 1747779226829
[debug] [2025-05-20T21:30:41.652Z] >>> [apiv2][query] GET https://serviceusage.googleapis.com/v1/projects/asl-481/services/firebaseapphosting.googleapis.com [none]
[debug] [2025-05-20T21:30:41.652Z] >>> [apiv2][(partial)header] GET https://serviceusage.googleapis.com/v1/projects/asl-481/services/firebaseapphosting.googleapis.com x-goog-quota-user=projects/asl-481
[debug] [2025-05-20T21:31:03.348Z] ----------------------------------------------------------------------
[debug] [2025-05-20T21:31:03.349Z] Command:       /home/benbot16/.n/bin/node /home/benbot16/.n/bin/firebase deploy --only apphosting:cs481-asl-backend
[debug] [2025-05-20T21:31:03.349Z] CLI Version:   14.4.0
[debug] [2025-05-20T21:31:03.349Z] Platform:      linux
[debug] [2025-05-20T21:31:03.349Z] Node Version:  v22.15.1
[debug] [2025-05-20T21:31:03.349Z] Time:          Tue May 20 2025 14:31:03 GMT-0700 (Pacific Daylight Time)
[debug] [2025-05-20T21:31:03.349Z] ----------------------------------------------------------------------
[debug] 
[debug] [2025-05-20T21:31:03.449Z] Field "/hosting" in "firebase.json" is possibly invalid: must be object
[debug] [2025-05-20T21:31:03.450Z] Object "/hosting/0" in "firebase.json" is missing required property: {"missingProperty":"target"}
[debug] [2025-05-20T21:31:03.450Z] Object "/hosting/0" in "firebase.json" is missing required property: {"missingProperty":"site"}
[debug] [2025-05-20T21:31:03.450Z] Field "/hosting/0" in "firebase.json" is possibly invalid: must match a schema in anyOf
[debug] [2025-05-20T21:31:03.450Z] Field "/hosting" in "firebase.json" is possibly invalid: must match a schema in anyOf
[debug] [2025-05-20T21:31:03.451Z] > command requires scopes: ["email","openid","https://www.googleapis.com/auth/cloudplatformprojects.readonly","https://www.googleapis.com/auth/firebase","https://www.googleapis.com/auth/cloud-platform"]
[debug] [2025-05-20T21:31:03.451Z] > authorizing via signed-in user (bbreslich@gmail.com)
[debug] [2025-05-20T21:31:03.452Z] [iam] checking project asl-481 for permissions ["firebase.projects.get",null]
[debug] [2025-05-20T21:31:03.452Z] Checked if tokens are valid: true, expires at: 1747779226829
[debug] [2025-05-20T21:31:03.452Z] Checked if tokens are valid: true, expires at: 1747779226829
[debug] [2025-05-20T21:31:03.452Z] >>> [apiv2][query] POST https://cloudresourcemanager.googleapis.com/v1/projects/asl-481:testIamPermissions [none]
[debug] [2025-05-20T21:31:03.453Z] >>> [apiv2][(partial)header] POST https://cloudresourcemanager.googleapis.com/v1/projects/asl-481:testIamPermissions x-goog-quota-user=projects/asl-481
[debug] [2025-05-20T21:31:03.453Z] >>> [apiv2][body] POST https://cloudresourcemanager.googleapis.com/v1/projects/asl-481:testIamPermissions {"permissions":["firebase.projects.get",null]}
[debug] [2025-05-20T21:31:03.573Z] <<< [apiv2][status] POST https://cloudresourcemanager.googleapis.com/v1/projects/asl-481:testIamPermissions 200
[debug] [2025-05-20T21:31:03.573Z] <<< [apiv2][body] POST https://cloudresourcemanager.googleapis.com/v1/projects/asl-481:testIamPermissions {"permissions":["firebase.projects.get"]}
[debug] [2025-05-20T21:31:03.573Z] [iam] error while checking permissions, command may fail: Authorization failed. This account is missing the following required permissions on project asl-481:

  
[info] 
[info] === Deploying to 'asl-481'...
[info] 
[info] i  deploying apphosting 
[debug] [2025-05-20T21:31:03.574Z] Checked if tokens are valid: true, expires at: 1747779226829
[debug] [2025-05-20T21:31:03.575Z] Checked if tokens are valid: true, expires at: 1747779226829
[debug] [2025-05-20T21:31:03.575Z] >>> [apiv2][query] GET https://serviceusage.googleapis.com/v1/projects/asl-481/services/firebaseapphosting.googleapis.com [none]
[debug] [2025-05-20T21:31:03.575Z] >>> [apiv2][(partial)header] GET https://serviceusage.googleapis.com/v1/projects/asl-481/services/firebaseapphosting.googleapis.com x-goog-quota-user=projects/asl-481
[debug] [2025-05-20T21:31:03.982Z] <<< [apiv2][status] GET https://serviceusage.googleapis.com/v1/projects/asl-481/services/firebaseapphosting.googleapis.com 200
[debug] [2025-05-20T21:31:03.982Z] <<< [apiv2][body] GET https://serviceusage.googleapis.com/v1/projects/asl-481/services/firebaseapphosting.googleapis.com [omitted]
[debug] [2025-05-20T21:31:03.982Z] Checked if tokens are valid: true, expires at: 1747779226829
[debug] [2025-05-20T21:31:03.982Z] Checked if tokens are valid: true, expires at: 1747779226829
[debug] [2025-05-20T21:31:03.982Z] Checked if tokens are valid: true, expires at: 1747779226829
[debug] [2025-05-20T21:31:03.983Z] Checked if tokens are valid: true, expires at: 1747779226829
[debug] [2025-05-20T21:31:03.983Z] Checked if tokens are valid: true, expires at: 1747779226829
[debug] [2025-05-20T21:31:03.983Z] Checked if tokens are valid: true, expires at: 1747779226829
[debug] [2025-05-20T21:31:03.983Z] Checked if tokens are valid: true, expires at: 1747779226829
[debug] [2025-05-20T21:31:03.983Z] Checked if tokens are valid: true, expires at: 1747779226829
[debug] [2025-05-20T21:31:03.983Z] Checked if tokens are valid: true, expires at: 1747779226829
[debug] [2025-05-20T21:31:03.983Z] Checked if tokens are valid: true, expires at: 1747779226829
[debug] [2025-05-20T21:31:03.983Z] Checked if tokens are valid: true, expires at: 1747779226829
[debug] [2025-05-20T21:31:03.983Z] Checked if tokens are valid: true, expires at: 1747779226829
[debug] [2025-05-20T21:31:03.983Z] >>> [apiv2][query] GET https://serviceusage.googleapis.com/v1/projects/asl-481/services/developerconnect.googleapis.com [none]
[debug] [2025-05-20T21:31:03.983Z] >>> [apiv2][(partial)header] GET https://serviceusage.googleapis.com/v1/projects/asl-481/services/developerconnect.googleapis.com x-goog-quota-user=projects/asl-481
[debug] [2025-05-20T21:31:03.984Z] >>> [apiv2][query] GET https://serviceusage.googleapis.com/v1/projects/asl-481/services/cloudbuild.googleapis.com [none]
[debug] [2025-05-20T21:31:03.984Z] >>> [apiv2][(partial)header] GET https://serviceusage.googleapis.com/v1/projects/asl-481/services/cloudbuild.googleapis.com x-goog-quota-user=projects/asl-481
[debug] [2025-05-20T21:31:03.985Z] >>> [apiv2][query] GET https://serviceusage.googleapis.com/v1/projects/asl-481/services/secretmanager.googleapis.com [none]
[debug] [2025-05-20T21:31:03.986Z] >>> [apiv2][(partial)header] GET https://serviceusage.googleapis.com/v1/projects/asl-481/services/secretmanager.googleapis.com x-goog-quota-user=projects/asl-481
[debug] [2025-05-20T21:31:03.987Z] >>> [apiv2][query] GET https://serviceusage.googleapis.com/v1/projects/asl-481/services/run.googleapis.com [none]
[debug] [2025-05-20T21:31:03.987Z] >>> [apiv2][(partial)header] GET https://serviceusage.googleapis.com/v1/projects/asl-481/services/run.googleapis.com x-goog-quota-user=projects/asl-481
[debug] [2025-05-20T21:31:03.988Z] >>> [apiv2][query] GET https://serviceusage.googleapis.com/v1/projects/asl-481/services/artifactregistry.googleapis.com [none]
[debug] [2025-05-20T21:31:03.988Z] >>> [apiv2][(partial)header] GET https://serviceusage.googleapis.com/v1/projects/asl-481/services/artifactregistry.googleapis.com x-goog-quota-user=projects/asl-481
[debug] [2025-05-20T21:31:03.989Z] >>> [apiv2][query] GET https://serviceusage.googleapis.com/v1/projects/asl-481/services/iam.googleapis.com [none]
[debug] [2025-05-20T21:31:03.989Z] >>> [apiv2][(partial)header] GET https://serviceusage.googleapis.com/v1/projects/asl-481/services/iam.googleapis.com x-goog-quota-user=projects/asl-481
[debug] [2025-05-20T21:31:04.298Z] <<< [apiv2][status] GET https://serviceusage.googleapis.com/v1/projects/asl-481/services/developerconnect.googleapis.com 200
[debug] [2025-05-20T21:31:04.298Z] <<< [apiv2][body] GET https://serviceusage.googleapis.com/v1/projects/asl-481/services/developerconnect.googleapis.com [omitted]
[debug] [2025-05-20T21:31:04.305Z] <<< [apiv2][status] GET https://serviceusage.googleapis.com/v1/projects/asl-481/services/artifactregistry.googleapis.com 200
[debug] [2025-05-20T21:31:04.305Z] <<< [apiv2][body] GET https://serviceusage.googleapis.com/v1/projects/asl-481/services/artifactregistry.googleapis.com [omitted]
[debug] [2025-05-20T21:31:04.385Z] <<< [apiv2][status] GET https://serviceusage.googleapis.com/v1/projects/asl-481/services/iam.googleapis.com 200
[debug] [2025-05-20T21:31:04.385Z] <<< [apiv2][body] GET https://serviceusage.googleapis.com/v1/projects/asl-481/services/iam.googleapis.com [omitted]
[debug] [2025-05-20T21:31:04.386Z] <<< [apiv2][status] GET https://serviceusage.googleapis.com/v1/projects/asl-481/services/cloudbuild.googleapis.com 200
[debug] [2025-05-20T21:31:04.386Z] <<< [apiv2][body] GET https://serviceusage.googleapis.com/v1/projects/asl-481/services/cloudbuild.googleapis.com [omitted]
[debug] [2025-05-20T21:31:04.393Z] <<< [apiv2][status] GET https://serviceusage.googleapis.com/v1/projects/asl-481/services/run.googleapis.com 200
[debug] [2025-05-20T21:31:04.393Z] <<< [apiv2][body] GET https://serviceusage.googleapis.com/v1/projects/asl-481/services/run.googleapis.com [omitted]
[debug] [2025-05-20T21:31:04.395Z] <<< [apiv2][status] GET https://serviceusage.googleapis.com/v1/projects/asl-481/services/secretmanager.googleapis.com 200
[debug] [2025-05-20T21:31:04.395Z] <<< [apiv2][body] GET https://serviceusage.googleapis.com/v1/projects/asl-481/services/secretmanager.googleapis.com [omitted]
[debug] [2025-05-20T21:31:04.395Z] Checked if tokens are valid: true, expires at: 1747779226829
[debug] [2025-05-20T21:31:04.395Z] Checked if tokens are valid: true, expires at: 1747779226829
[debug] [2025-05-20T21:31:04.395Z] >>> [apiv2][query] POST https://iam.googleapis.com/v1/projects/asl-481/serviceAccounts/firebase-app-hosting-compute@asl-481.iam.gserviceaccount.com:testIamPermissions [none]
[debug] [2025-05-20T21:31:04.395Z] >>> [apiv2][(partial)header] POST https://iam.googleapis.com/v1/projects/asl-481/serviceAccounts/firebase-app-hosting-compute@asl-481.iam.gserviceaccount.com:testIamPermissions x-goog-quota-user=projects/asl-481
[debug] [2025-05-20T21:31:04.395Z] >>> [apiv2][body] POST https://iam.googleapis.com/v1/projects/asl-481/serviceAccounts/firebase-app-hosting-compute@asl-481.iam.gserviceaccount.com:testIamPermissions {"permissions":["iam.serviceAccounts.actAs"]}
[debug] [2025-05-20T21:31:04.518Z] <<< [apiv2][status] POST https://iam.googleapis.com/v1/projects/asl-481/serviceAccounts/firebase-app-hosting-compute@asl-481.iam.gserviceaccount.com:testIamPermissions 200
[debug] [2025-05-20T21:31:04.518Z] <<< [apiv2][body] POST https://iam.googleapis.com/v1/projects/asl-481/serviceAccounts/firebase-app-hosting-compute@asl-481.iam.gserviceaccount.com:testIamPermissions {"permissions":["iam.serviceAccounts.actAs"]}
[debug] [2025-05-20T21:31:04.519Z] Checked if tokens are valid: true, expires at: 1747779226829
[debug] [2025-05-20T21:31:04.519Z] Checked if tokens are valid: true, expires at: 1747779226829
[debug] [2025-05-20T21:31:04.519Z] >>> [apiv2][query] POST https://cloudresourcemanager.googleapis.com/v1/projects/asl-481:getIamPolicy [none]
[debug] [2025-05-20T21:31:04.673Z] <<< [apiv2][status] POST https://cloudresourcemanager.googleapis.com/v1/projects/asl-481:getIamPolicy 200
[debug] [2025-05-20T21:31:04.673Z] <<< [apiv2][body] POST https://cloudresourcemanager.googleapis.com/v1/projects/asl-481:getIamPolicy {"version":1,"etag":"BwY1lcVU5DY=","bindings":[{"role":"roles/artifactregistry.serviceAgent","members":["serviceAccount:service-193153394006@gcp-sa-artifactregistry.iam.gserviceaccount.com"]},{"role":"roles/cloudbuild.builds.builder","members":["serviceAccount:193153394006@cloudbuild.gserviceaccount.com"]},{"role":"roles/cloudbuild.serviceAgent","members":["serviceAccount:service-193153394006@gcp-sa-cloudbuild.iam.gserviceaccount.com"]},{"role":"roles/cloudfunctions.developer","members":["serviceAccount:github-action-959478789@asl-481.iam.gserviceaccount.com"]},{"role":"roles/cloudfunctions.serviceAgent","members":["serviceAccount:service-193153394006@gcf-admin-robot.iam.gserviceaccount.com"]},{"role":"roles/containerregistry.ServiceAgent","members":["serviceAccount:service-193153394006@containerregistry.iam.gserviceaccount.com"]},{"role":"roles/editor","members":["serviceAccount:193153394006-compute@developer.gserviceaccount.com","serviceAccount:asl-481@appspot.gserviceaccount.com","user:CassieThun@gmail.com","user:jwilder108@gmail.com","user:rubitron8@gmail.com","user:sanchez.JS126@gmail.com"]},{"role":"roles/firebase.managementServiceAgent","members":["serviceAccount:service-193153394006@gcp-sa-firebase.iam.gserviceaccount.com"]},{"role":"roles/firebase.sdkAdminServiceAgent","members":["serviceAccount:firebase-adminsdk-fbsvc@asl-481.iam.gserviceaccount.com"]},{"role":"roles/firebaseappcheck.admin","members":["serviceAccount:firebase-adminsdk-fbsvc@asl-481.iam.gserviceaccount.com"]},{"role":"roles/firebaseapphosting.serviceAgent","members":["serviceAccount:service-193153394006@gcp-sa-firebaseapphosting.iam.gserviceaccount.com"]},{"role":"roles/firebaseauth.admin","members":["serviceAccount:firebase-adminsdk-fbsvc@asl-481.iam.gserviceaccount.com","serviceAccount:github-action-959478789@asl-481.iam.gserviceaccount.com"]},{"role":"roles/firebasehosting.admin","members":["serviceAccount:github-action-959478789@asl-481.iam.gserviceaccount.com"]},{"role":"roles/firebaserules.system","members":["serviceAccount:service-193153394006@firebase-rules.iam.gserviceaccount.com"]},{"role":"roles/firestore.serviceAgent","members":["serviceAccount:service-193153394006@gcp-sa-firestore.iam.gserviceaccount.com"]},{"role":"roles/iam.serviceAccountTokenCreator","members":["serviceAccount:firebase-adminsdk-fbsvc@asl-481.iam.gserviceaccount.com"]},{"role":"roles/owner","members":["user:bbreslich@gmail.com"]},{"role":"roles/run.serviceAgent","members":["serviceAccount:service-193153394006@serverless-robot-prod.iam.gserviceaccount.com"]},{"role":"roles/run.viewer","members":["serviceAccount:github-action-959478789@asl-481.iam.gserviceaccount.com"]},{"role":"roles/secretmanager.admin_withcond_993220293303c87343fe","members":["serviceAccount:service-193153394006@gcp-sa-devconnect.iam.gserviceaccount.com"]},{"role":"roles/serviceusage.apiKeysViewer","members":["serviceAccount:github-action-959478789@asl-481.iam.gserviceaccount.com"]},{"role":"roles/serviceusage.serviceUsageConsumer","members":["serviceAccount:github-action-959478789@asl-481.iam.gserviceaccount.com"]},{"role":"roles/storage.objectViewer","members":["serviceAccount:firebase-app-hosting-compute@asl-481.iam.gserviceaccount.com"]}]}
[debug] [2025-05-20T21:31:04.673Z] Checked if tokens are valid: true, expires at: 1747779226829
[debug] [2025-05-20T21:31:04.673Z] Checked if tokens are valid: true, expires at: 1747779226829
[debug] [2025-05-20T21:31:04.674Z] >>> [apiv2][query] GET https://firebaseapphosting.googleapis.com/v1beta/projects/asl-481/locations/-/backends 
[debug] [2025-05-20T21:31:05.322Z] <<< [apiv2][status] GET https://firebaseapphosting.googleapis.com/v1beta/projects/asl-481/locations/-/backends 200
[debug] [2025-05-20T21:31:05.322Z] <<< [apiv2][body] GET https://firebaseapphosting.googleapis.com/v1beta/projects/asl-481/locations/-/backends {"backends":[{"name":"projects/asl-481/locations/us-central1/backends/cs481-asl-backend","createTime":"2025-05-20T17:07:40.343148835Z","updateTime":"2025-05-20T17:07:40.689408Z","labels":{"deployment-tool":"cli-firebase"},"uri":"cs481-asl-backend--asl-481.us-central1.hosted.app","uid":"1f5978af-f26c-4631-a723-b33d24ba67fb","etag":"M0izJkurIchSAfqo4RvZDQj5LR5E9lyDOzVIo-Frn0Y","reconciling":false,"servingLocality":"GLOBAL_ACCESS","serviceAccount":"firebase-app-hosting-compute@asl-481.iam.gserviceaccount.com","appId":"1:193153394006:web:7dd65fb66f2b660e50a2f7"}]}
[info] i  apphosting: Found backend(s) cs481-asl-backend, cs481-asl-backend 
[debug] [2025-05-20T21:31:05.324Z] Checked if tokens are valid: true, expires at: 1747779226829
[debug] [2025-05-20T21:31:05.324Z] Checked if tokens are valid: true, expires at: 1747779226829
[debug] [2025-05-20T21:31:05.324Z] >>> [apiv2][query] GET https://serviceusage.googleapis.com/v1/projects/asl-481/services/cloudresourcemanager.googleapis.com [none]
[debug] [2025-05-20T21:31:05.324Z] >>> [apiv2][(partial)header] GET https://serviceusage.googleapis.com/v1/projects/asl-481/services/cloudresourcemanager.googleapis.com x-goog-quota-user=projects/asl-481
[debug] [2025-05-20T21:31:05.722Z] <<< [apiv2][status] GET https://serviceusage.googleapis.com/v1/projects/asl-481/services/cloudresourcemanager.googleapis.com 200
[debug] [2025-05-20T21:31:05.722Z] <<< [apiv2][body] GET https://serviceusage.googleapis.com/v1/projects/asl-481/services/cloudresourcemanager.googleapis.com [omitted]
[debug] [2025-05-20T21:31:05.722Z] Checked if tokens are valid: true, expires at: 1747779226829
[debug] [2025-05-20T21:31:05.722Z] Checked if tokens are valid: true, expires at: 1747779226829
[debug] [2025-05-20T21:31:05.722Z] >>> [apiv2][query] GET https://cloudresourcemanager.googleapis.com/v1/projects/asl-481 [none]
[debug] [2025-05-20T21:31:05.812Z] <<< [apiv2][status] GET https://cloudresourcemanager.googleapis.com/v1/projects/asl-481 200
[debug] [2025-05-20T21:31:05.812Z] <<< [apiv2][body] GET https://cloudresourcemanager.googleapis.com/v1/projects/asl-481 {"projectNumber":"193153394006","projectId":"asl-481","lifecycleState":"ACTIVE","name":"ASL-481","labels":{"firebase":"enabled","firebase-core":"disabled"},"createTime":"2025-04-02T21:30:57.186678Z"}
[debug] [2025-05-20T21:31:05.812Z] Checked if tokens are valid: true, expires at: 1747779226829
[debug] [2025-05-20T21:31:05.812Z] Checked if tokens are valid: true, expires at: 1747779226829
[debug] [2025-05-20T21:31:05.812Z] >>> [apiv2][query] GET https://storage.googleapis.com/storage/v1/b/firebaseapphosting-sources-193153394006-us-central1 [none]
[debug] [2025-05-20T21:31:06.009Z] <<< [apiv2][status] GET https://storage.googleapis.com/storage/v1/b/firebaseapphosting-sources-193153394006-us-central1 200
[debug] [2025-05-20T21:31:06.009Z] <<< [apiv2][body] GET https://storage.googleapis.com/storage/v1/b/firebaseapphosting-sources-193153394006-us-central1 {"kind":"storage#bucket","selfLink":"https://www.googleapis.com/storage/v1/b/firebaseapphosting-sources-193153394006-us-central1","id":"firebaseapphosting-sources-193153394006-us-central1","name":"firebaseapphosting-sources-193153394006-us-central1","projectNumber":"193153394006","generation":"1747767216598400917","metageneration":"1","location":"US-CENTRAL1","storageClass":"STANDARD","etag":"CAE=","timeCreated":"2025-05-20T18:53:36.711Z","updated":"2025-05-20T18:53:36.711Z","lifecycle":{"rule":[{"action":{"type":"Delete"},"condition":{"age":30}}]},"softDeletePolicy":{"retentionDurationSeconds":"604800","effectiveTime":"2025-05-20T18:53:36.711Z"},"iamConfiguration":{"bucketPolicyOnly":{"enabled":false},"uniformBucketLevelAccess":{"enabled":false},"publicAccessPrevention":"inherited"},"locationType":"region","satisfiesPZI":true}
[info] i  apphosting: Uploading source code at /home/benbot16/Documents/cs481_asl/asl for backend cs481-asl-backend... 
[debug] [2025-05-20T21:31:06.050Z] Checked if tokens are valid: true, expires at: 1747779226829
[debug] [2025-05-20T21:31:06.050Z] Checked if tokens are valid: true, expires at: 1747779226829
[debug] [2025-05-20T21:31:06.050Z] >>> [apiv2][query] PUT https://storage.googleapis.com/firebaseapphosting-sources-193153394006-us-central1/cs481-asl-backend--120748-iP7Ox3OUgcDZ-.zip [none]
[debug] [2025-05-20T21:31:06.050Z] >>> [apiv2][body] PUT https://storage.googleapis.com/firebaseapphosting-sources-193153394006-us-central1/cs481-asl-backend--120748-iP7Ox3OUgcDZ-.zip [stream]
[debug] [2025-05-20T21:31:06.311Z] <<< [apiv2][status] PUT https://storage.googleapis.com/firebaseapphosting-sources-193153394006-us-central1/cs481-asl-backend--120748-iP7Ox3OUgcDZ-.zip 200
[debug] [2025-05-20T21:31:06.311Z] <<< [apiv2][body] PUT https://storage.googleapis.com/firebaseapphosting-sources-193153394006-us-central1/cs481-asl-backend--120748-iP7Ox3OUgcDZ-.zip undefined
[info] i  apphosting: Source code uploaded at gs://firebaseapphosting-sources-193153394006-us-central1/cs481-asl-backend--120748-iP7Ox3OUgcDZ-.zip 
[debug] [2025-05-20T21:31:06.312Z] Checked if tokens are valid: true, expires at: 1747779226829
[debug] [2025-05-20T21:31:06.312Z] Checked if tokens are valid: true, expires at: 1747779226829
[debug] [2025-05-20T21:31:06.312Z] Checked if tokens are valid: true, expires at: 1747779226829
[debug] [2025-05-20T21:31:06.312Z] Checked if tokens are valid: true, expires at: 1747779226829
[info] i  apphosting: You may also track the rollout(s) at:
	https://console.firebase.google.com/project/asl-481/apphosting 
[debug] [2025-05-20T21:31:06.315Z] >>> [apiv2][query] GET https://firebaseapphosting.googleapis.com/v1beta/projects/asl-481/locations/us-central1/backends/cs481-asl-backend/rollouts 
[debug] [2025-05-20T21:31:06.315Z] >>> [apiv2][query] GET https://firebaseapphosting.googleapis.com/v1beta/projects/asl-481/locations/us-central1/backends/cs481-asl-backend/builds 
[debug] [2025-05-20T21:31:06.612Z] <<< [apiv2][status] GET https://firebaseapphosting.googleapis.com/v1beta/projects/asl-481/locations/us-central1/backends/cs481-asl-backend/rollouts 200
[debug] [2025-05-20T21:31:06.613Z] <<< [apiv2][body] GET https://firebaseapphosting.googleapis.com/v1beta/projects/asl-481/locations/us-central1/backends/cs481-asl-backend/rollouts {"rollouts":[{"name":"projects/asl-481/locations/us-central1/backends/cs481-asl-backend/rollouts/build-2025-05-20-001","createTime":"2025-05-20T18:53:56.409781276Z","updateTime":"2025-05-20T18:57:29.132592Z","state":"FAILED","build":"projects/asl-481/locations/us-central1/backends/cs481-asl-backend/builds/build-2025-05-20-001","labels":{"deployment-tool":"cli-firebase"},"uid":"32b7e80a-137b-4b9f-93db-352eff247237","etag":"yBsPhs2pT211b1cytInOfuhhDwbestO65EIFZmLpbWw","reconciling":false}]}
[debug] [2025-05-20T21:31:06.650Z] <<< [apiv2][status] GET https://firebaseapphosting.googleapis.com/v1beta/projects/asl-481/locations/us-central1/backends/cs481-asl-backend/builds 200
[debug] [2025-05-20T21:31:06.650Z] <<< [apiv2][body] GET https://firebaseapphosting.googleapis.com/v1beta/projects/asl-481/locations/us-central1/backends/cs481-asl-backend/builds {"builds":[{"name":"projects/asl-481/locations/us-central1/backends/cs481-asl-backend/builds/build-2025-05-20-001","state":"FAILED","error":{"code":13},"image":"us-central1-docker.pkg.dev/asl-481/firebaseapphosting-images/cs481-asl-backend:build-2025-05-20-001","config":{"runConfig":{},"env":[{"variable":"FIREBASE_CONFIG","value":"{\"databaseURL\":\"\",\"projectId\":\"asl-481\",\"storageBucket\":\"asl-481.firebasestorage.app\"}","availability":["BUILD","RUNTIME"]},{"variable":"FIREBASE_WEBAPP_CONFIG","value":"{\"apiKey\":\"AIzaSyAl4lFfKmB1zY9naWlTZ_MMeIEt2ZVXQCA\",\"appId\":\"1:193153394006:web:7dd65fb66f2b660e50a2f7\",\"authDomain\":\"asl-481.firebaseapp.com\",\"databaseURL\":\"\",\"messagingSenderId\":\"193153394006\",\"projectId\":\"asl-481\",\"storageBucket\":\"asl-481.firebasestorage.app\"}","availability":["BUILD"]}]},"source":{"archive":{"rootDirectory":"./cs481-asl","userStorageUri":"gs://firebaseapphosting-sources-193153394006-us-central1/cs481-asl-backend--113657-fKoKald9w8Ad-.zip"}},"buildLogsUri":"https://console.cloud.google.com/cloud-build/builds;region=us-central1/1af0fd01-c56a-4905-b511-c0ee1e42c968?project=193153394006","createTime":"2025-05-20T18:53:56.005219817Z","updateTime":"2025-05-20T18:57:28.589476Z","labels":{"deployment-tool":"cli-firebase"},"uid":"f9d3b44a-22f1-41f8-b371-e49b3704e83e","etag":"KcY5ETchL6jn6tDoEN_4PMe7TEAAkuuEyGYRMA56R_g","reconciling":false,"errorSource":"CLOUD_BUILD","errors":[{"error":{"code":13},"errorSource":"CLOUD_BUILD","cloudResource":"https://cloud.google.com/build"}]}]}
[debug] [2025-05-20T21:31:06.652Z] Checked if tokens are valid: true, expires at: 1747779226829
[debug] [2025-05-20T21:31:06.652Z] Checked if tokens are valid: true, expires at: 1747779226829
[debug] [2025-05-20T21:31:06.652Z] >>> [apiv2][query] POST https://firebaseapphosting.googleapis.com/v1beta/projects/asl-481/locations/us-central1/backends/cs481-asl-backend/builds buildId=build-2025-05-20-002
[debug] [2025-05-20T21:31:06.652Z] >>> [apiv2][body] POST https://firebaseapphosting.googleapis.com/v1beta/projects/asl-481/locations/us-central1/backends/cs481-asl-backend/builds {"source":{"archive":{"userStorageUri":"gs://firebaseapphosting-sources-193153394006-us-central1/cs481-asl-backend--120748-iP7Ox3OUgcDZ-.zip","rootDirectory":"/"}},"labels":{"deployment-tool":"cli-firebase"}}
[debug] [2025-05-20T21:31:06.794Z] <<< [apiv2][status] POST https://firebaseapphosting.googleapis.com/v1beta/projects/asl-481/locations/us-central1/backends/cs481-asl-backend/builds 200
[debug] [2025-05-20T21:31:06.794Z] <<< [apiv2][body] POST https://firebaseapphosting.googleapis.com/v1beta/projects/asl-481/locations/us-central1/backends/cs481-asl-backend/builds {"name":"projects/asl-481/locations/us-central1/operations/operation-1747776668096-63597f772d84d-a4bc6404-901bd016","metadata":{"@type":"type.googleapis.com/google.firebase.apphosting.v1beta.OperationMetadata","createTime":"2025-05-20T21:31:08.137120809Z","target":"projects/asl-481/locations/us-central1/backends/cs481-asl-backend/builds/build-2025-05-20-002","verb":"create","requestedCancellation":false,"apiVersion":"v1beta"},"done":false}
[debug] [2025-05-20T21:31:06.794Z] Checked if tokens are valid: true, expires at: 1747779226829
[debug] [2025-05-20T21:31:06.794Z] Checked if tokens are valid: true, expires at: 1747779226829
[debug] [2025-05-20T21:31:06.794Z] >>> [apiv2][query] POST https://firebaseapphosting.googleapis.com/v1beta/projects/asl-481/locations/us-central1/backends/cs481-asl-backend/rollouts rolloutId=build-2025-05-20-002&validateOnly=true
[debug] [2025-05-20T21:31:06.794Z] >>> [apiv2][body] POST https://firebaseapphosting.googleapis.com/v1beta/projects/asl-481/locations/us-central1/backends/cs481-asl-backend/rollouts {"build":"projects/asl-481/locations/us-central1/backends/cs481-asl-backend/builds/build-2025-05-20-002","labels":{"deployment-tool":"cli-firebase"}}
[debug] [2025-05-20T21:31:06.882Z] <<< [apiv2][status] POST https://firebaseapphosting.googleapis.com/v1beta/projects/asl-481/locations/us-central1/backends/cs481-asl-backend/rollouts 200
[debug] [2025-05-20T21:31:06.882Z] <<< [apiv2][body] POST https://firebaseapphosting.googleapis.com/v1beta/projects/asl-481/locations/us-central1/backends/cs481-asl-backend/rollouts {}
[debug] [2025-05-20T21:31:06.882Z] Checked if tokens are valid: true, expires at: 1747779226829
[debug] [2025-05-20T21:31:06.882Z] Checked if tokens are valid: true, expires at: 1747779226829
[debug] [2025-05-20T21:31:06.882Z] >>> [apiv2][query] POST https://firebaseapphosting.googleapis.com/v1beta/projects/asl-481/locations/us-central1/backends/cs481-asl-backend/rollouts rolloutId=build-2025-05-20-002&validateOnly=false
[debug] [2025-05-20T21:31:06.882Z] >>> [apiv2][body] POST https://firebaseapphosting.googleapis.com/v1beta/projects/asl-481/locations/us-central1/backends/cs481-asl-backend/rollouts {"build":"projects/asl-481/locations/us-central1/backends/cs481-asl-backend/builds/build-2025-05-20-002","labels":{"deployment-tool":"cli-firebase"}}
[debug] [2025-05-20T21:31:06.999Z] <<< [apiv2][status] POST https://firebaseapphosting.googleapis.com/v1beta/projects/asl-481/locations/us-central1/backends/cs481-asl-backend/rollouts 200
[debug] [2025-05-20T21:31:06.999Z] <<< [apiv2][body] POST https://firebaseapphosting.googleapis.com/v1beta/projects/asl-481/locations/us-central1/backends/cs481-asl-backend/rollouts {"name":"projects/asl-481/locations/us-central1/operations/operation-1747776668326-63597f7765b8d-45c5131b-9fecd96e","metadata":{"@type":"type.googleapis.com/google.firebase.apphosting.v1beta.OperationMetadata","createTime":"2025-05-20T21:31:08.342253978Z","target":"projects/asl-481/locations/us-central1/backends/cs481-asl-backend/rollouts/build-2025-05-20-002","verb":"create","requestedCancellation":false,"apiVersion":"v1beta"},"done":false}
[debug] [2025-05-20T21:31:07.000Z] Checked if tokens are valid: true, expires at: 1747779226829
[debug] [2025-05-20T21:31:07.000Z] Checked if tokens are valid: true, expires at: 1747779226829
[debug] [2025-05-20T21:31:07.000Z] Checked if tokens are valid: true, expires at: 1747779226829
[debug] [2025-05-20T21:31:07.000Z] Checked if tokens are valid: true, expires at: 1747779226829
[debug] [2025-05-20T21:31:07.000Z] >>> [apiv2][query] GET https://firebaseapphosting.googleapis.com/v1beta/projects/asl-481/locations/us-central1/operations/operation-1747776668326-63597f7765b8d-45c5131b-9fecd96e [none]
[debug] [2025-05-20T21:31:07.000Z] >>> [apiv2][query] GET https://firebaseapphosting.googleapis.com/v1beta/projects/asl-481/locations/us-central1/operations/operation-1747776668096-63597f772d84d-a4bc6404-901bd016 [none]
[debug] [2025-05-20T21:31:07.081Z] <<< [apiv2][status] GET https://firebaseapphosting.googleapis.com/v1beta/projects/asl-481/locations/us-central1/operations/operation-1747776668326-63597f7765b8d-45c5131b-9fecd96e 200
[debug] [2025-05-20T21:31:07.081Z] <<< [apiv2][body] GET https://firebaseapphosting.googleapis.com/v1beta/projects/asl-481/locations/us-central1/operations/operation-1747776668326-63597f7765b8d-45c5131b-9fecd96e {"name":"projects/asl-481/locations/us-central1/operations/operation-1747776668326-63597f7765b8d-45c5131b-9fecd96e","metadata":{"@type":"type.googleapis.com/google.firebase.apphosting.v1beta.OperationMetadata","createTime":"2025-05-20T21:31:08.342253978Z","endTime":"2025-05-20T21:31:08.380152657Z","target":"projects/asl-481/locations/us-central1/backends/cs481-asl-backend/rollouts/build-2025-05-20-002","verb":"create","requestedCancellation":false,"apiVersion":"v1beta"},"done":true,"response":{"@type":"type.googleapis.com/google.firebase.apphosting.v1beta.Rollout","name":"projects/asl-481/locations/us-central1/backends/cs481-asl-backend/rollouts/build-2025-05-20-002","createTime":"2025-05-20T21:31:08.335312477Z","updateTime":"2025-05-20T21:31:08.369992596Z","state":"QUEUED","build":"projects/asl-481/locations/us-central1/backends/cs481-asl-backend/builds/build-2025-05-20-002","labels":{"deployment-tool":"cli-firebase"},"uid":"08cadcbd-a7bb-4d18-afa5-968e440ceee0","etag":"Thg8KLh5ZlgnPKS0Oiggr7BLEcuDhAKZ_yQaOqM9vkI","reconciling":false}}
[debug] [2025-05-20T21:31:07.105Z] <<< [apiv2][status] GET https://firebaseapphosting.googleapis.com/v1beta/projects/asl-481/locations/us-central1/operations/operation-1747776668096-63597f772d84d-a4bc6404-901bd016 200
[debug] [2025-05-20T21:31:07.105Z] <<< [apiv2][body] GET https://firebaseapphosting.googleapis.com/v1beta/projects/asl-481/locations/us-central1/operations/operation-1747776668096-63597f772d84d-a4bc6404-901bd016 {"name":"projects/asl-481/locations/us-central1/operations/operation-1747776668096-63597f772d84d-a4bc6404-901bd016","metadata":{"@type":"type.googleapis.com/google.firebase.apphosting.v1beta.OperationMetadata","createTime":"2025-05-20T21:31:08.137120809Z","target":"projects/asl-481/locations/us-central1/backends/cs481-asl-backend/builds/build-2025-05-20-002","verb":"create","requestedCancellation":false,"apiVersion":"v1beta"},"done":false}
[debug] [2025-05-20T21:31:07.606Z] [create-asl-481-us-central1-backend-cs481-asl-backend-build-build-2025-05-20-002] Retrying task index 0
[debug] [2025-05-20T21:31:07.606Z] Checked if tokens are valid: true, expires at: 1747779226829
[debug] [2025-05-20T21:31:07.606Z] Checked if tokens are valid: true, expires at: 1747779226829
[debug] [2025-05-20T21:31:07.606Z] >>> [apiv2][query] GET https://firebaseapphosting.googleapis.com/v1beta/projects/asl-481/locations/us-central1/operations/operation-1747776668096-63597f772d84d-a4bc6404-901bd016 [none]
[debug] [2025-05-20T21:31:07.682Z] <<< [apiv2][status] GET https://firebaseapphosting.googleapis.com/v1beta/projects/asl-481/locations/us-central1/operations/operation-1747776668096-63597f772d84d-a4bc6404-901bd016 200
[debug] [2025-05-20T21:31:07.683Z] <<< [apiv2][body] GET https://firebaseapphosting.googleapis.com/v1beta/projects/asl-481/locations/us-central1/operations/operation-1747776668096-63597f772d84d-a4bc6404-901bd016 {"name":"projects/asl-481/locations/us-central1/operations/operation-1747776668096-63597f772d84d-a4bc6404-901bd016","metadata":{"@type":"type.googleapis.com/google.firebase.apphosting.v1beta.OperationMetadata","createTime":"2025-05-20T21:31:08.137120809Z","target":"projects/asl-481/locations/us-central1/backends/cs481-asl-backend/builds/build-2025-05-20-002","verb":"create","requestedCancellation":false,"apiVersion":"v1beta"},"done":false}
[debug] [2025-05-20T21:31:08.683Z] [create-asl-481-us-central1-backend-cs481-asl-backend-build-build-2025-05-20-002] Retrying task index 0
[debug] [2025-05-20T21:31:08.683Z] Checked if tokens are valid: true, expires at: 1747779226829
[debug] [2025-05-20T21:31:08.683Z] Checked if tokens are valid: true, expires at: 1747779226829
[debug] [2025-05-20T21:31:08.683Z] >>> [apiv2][query] GET https://firebaseapphosting.googleapis.com/v1beta/projects/asl-481/locations/us-central1/operations/operation-1747776668096-63597f772d84d-a4bc6404-901bd016 [none]
[debug] [2025-05-20T21:31:08.750Z] <<< [apiv2][status] GET https://firebaseapphosting.googleapis.com/v1beta/projects/asl-481/locations/us-central1/operations/operation-1747776668096-63597f772d84d-a4bc6404-901bd016 200
[debug] [2025-05-20T21:31:08.750Z] <<< [apiv2][body] GET https://firebaseapphosting.googleapis.com/v1beta/projects/asl-481/locations/us-central1/operations/operation-1747776668096-63597f772d84d-a4bc6404-901bd016 {"name":"projects/asl-481/locations/us-central1/operations/operation-1747776668096-63597f772d84d-a4bc6404-901bd016","metadata":{"@type":"type.googleapis.com/google.firebase.apphosting.v1beta.OperationMetadata","createTime":"2025-05-20T21:31:08.137120809Z","target":"projects/asl-481/locations/us-central1/backends/cs481-asl-backend/builds/build-2025-05-20-002","verb":"create","requestedCancellation":false,"apiVersion":"v1beta"},"done":false}
[debug] [2025-05-20T21:31:10.751Z] [create-asl-481-us-central1-backend-cs481-asl-backend-build-build-2025-05-20-002] Retrying task index 0
[debug] [2025-05-20T21:31:10.751Z] Checked if tokens are valid: true, expires at: 1747779226829
[debug] [2025-05-20T21:31:10.751Z] Checked if tokens are valid: true, expires at: 1747779226829
[debug] [2025-05-20T21:31:10.751Z] >>> [apiv2][query] GET https://firebaseapphosting.googleapis.com/v1beta/projects/asl-481/locations/us-central1/operations/operation-1747776668096-63597f772d84d-a4bc6404-901bd016 [none]
[debug] [2025-05-20T21:31:10.808Z] <<< [apiv2][status] GET https://firebaseapphosting.googleapis.com/v1beta/projects/asl-481/locations/us-central1/operations/operation-1747776668096-63597f772d84d-a4bc6404-901bd016 200
[debug] [2025-05-20T21:31:10.808Z] <<< [apiv2][body] GET https://firebaseapphosting.googleapis.com/v1beta/projects/asl-481/locations/us-central1/operations/operation-1747776668096-63597f772d84d-a4bc6404-901bd016 {"name":"projects/asl-481/locations/us-central1/operations/operation-1747776668096-63597f772d84d-a4bc6404-901bd016","metadata":{"@type":"type.googleapis.com/google.firebase.apphosting.v1beta.OperationMetadata","createTime":"2025-05-20T21:31:08.137120809Z","target":"projects/asl-481/locations/us-central1/backends/cs481-asl-backend/builds/build-2025-05-20-002","verb":"create","requestedCancellation":false,"apiVersion":"v1beta"},"done":false}
[debug] [2025-05-20T21:31:14.808Z] [create-asl-481-us-central1-backend-cs481-asl-backend-build-build-2025-05-20-002] Retrying task index 0
[debug] [2025-05-20T21:31:14.809Z] Checked if tokens are valid: true, expires at: 1747779226829
[debug] [2025-05-20T21:31:14.809Z] Checked if tokens are valid: true, expires at: 1747779226829
[debug] [2025-05-20T21:31:14.809Z] >>> [apiv2][query] GET https://firebaseapphosting.googleapis.com/v1beta/projects/asl-481/locations/us-central1/operations/operation-1747776668096-63597f772d84d-a4bc6404-901bd016 [none]
[debug] [2025-05-20T21:31:14.882Z] <<< [apiv2][status] GET https://firebaseapphosting.googleapis.com/v1beta/projects/asl-481/locations/us-central1/operations/operation-1747776668096-63597f772d84d-a4bc6404-901bd016 200
[debug] [2025-05-20T21:31:14.882Z] <<< [apiv2][body] GET https://firebaseapphosting.googleapis.com/v1beta/projects/asl-481/locations/us-central1/operations/operation-1747776668096-63597f772d84d-a4bc6404-901bd016 {"name":"projects/asl-481/locations/us-central1/operations/operation-1747776668096-63597f772d84d-a4bc6404-901bd016","metadata":{"@type":"type.googleapis.com/google.firebase.apphosting.v1beta.OperationMetadata","createTime":"2025-05-20T21:31:08.137120809Z","target":"projects/asl-481/locations/us-central1/backends/cs481-asl-backend/builds/build-2025-05-20-002","verb":"create","requestedCancellation":false,"apiVersion":"v1beta"},"done":false}
[debug] [2025-05-20T21:31:22.883Z] [create-asl-481-us-central1-backend-cs481-asl-backend-build-build-2025-05-20-002] Retrying task index 0
[debug] [2025-05-20T21:31:22.883Z] Checked if tokens are valid: true, expires at: 1747779226829
[debug] [2025-05-20T21:31:22.883Z] Checked if tokens are valid: true, expires at: 1747779226829
[debug] [2025-05-20T21:31:22.883Z] >>> [apiv2][query] GET https://firebaseapphosting.googleapis.com/v1beta/projects/asl-481/locations/us-central1/operations/operation-1747776668096-63597f772d84d-a4bc6404-901bd016 [none]
[debug] [2025-05-20T21:31:23.172Z] <<< [apiv2][status] GET https://firebaseapphosting.googleapis.com/v1beta/projects/asl-481/locations/us-central1/operations/operation-1747776668096-63597f772d84d-a4bc6404-901bd016 200
[debug] [2025-05-20T21:31:23.172Z] <<< [apiv2][body] GET https://firebaseapphosting.googleapis.com/v1beta/projects/asl-481/locations/us-central1/operations/operation-1747776668096-63597f772d84d-a4bc6404-901bd016 {"name":"projects/asl-481/locations/us-central1/operations/operation-1747776668096-63597f772d84d-a4bc6404-901bd016","metadata":{"@type":"type.googleapis.com/google.firebase.apphosting.v1beta.OperationMetadata","createTime":"2025-05-20T21:31:08.137120809Z","target":"projects/asl-481/locations/us-central1/backends/cs481-asl-backend/builds/build-2025-05-20-002","verb":"create","requestedCancellation":false,"apiVersion":"v1beta"},"done":false}
[debug] [2025-05-20T21:31:44.655Z] ----------------------------------------------------------------------
[debug] [2025-05-20T21:31:44.657Z] Command:       /home/benbot16/.n/bin/node /home/benbot16/.n/bin/firebase init hosting
[debug] [2025-05-20T21:31:44.657Z] CLI Version:   14.4.0
[debug] [2025-05-20T21:31:44.657Z] Platform:      linux
[debug] [2025-05-20T21:31:44.657Z] Node Version:  v22.15.1
[debug] [2025-05-20T21:31:44.657Z] Time:          Tue May 20 2025 14:31:44 GMT-0700 (Pacific Daylight Time)
[debug] [2025-05-20T21:31:44.657Z] ----------------------------------------------------------------------
[debug] 
[debug] [2025-05-20T21:31:44.754Z] Field "/hosting" in "firebase.json" is possibly invalid: must be object
[debug] [2025-05-20T21:31:44.755Z] Object "/hosting/0" in "firebase.json" is missing required property: {"missingProperty":"target"}
[debug] [2025-05-20T21:31:44.755Z] Object "/hosting/0" in "firebase.json" is missing required property: {"missingProperty":"site"}
[debug] [2025-05-20T21:31:44.755Z] Field "/hosting/0" in "firebase.json" is possibly invalid: must match a schema in anyOf
[debug] [2025-05-20T21:31:44.755Z] Field "/hosting" in "firebase.json" is possibly invalid: must match a schema in anyOf
[debug] [2025-05-20T21:31:44.756Z] > command requires scopes: ["email","openid","https://www.googleapis.com/auth/cloudplatformprojects.readonly","https://www.googleapis.com/auth/firebase","https://www.googleapis.com/auth/cloud-platform"]
[debug] [2025-05-20T21:31:44.756Z] > authorizing via signed-in user (bbreslich@gmail.com)
[debug] [2025-05-20T21:31:44.757Z] Field "/hosting" in "firebase.json" is possibly invalid: must be object
[debug] [2025-05-20T21:31:44.757Z] Object "/hosting/0" in "firebase.json" is missing required property: {"missingProperty":"target"}
[debug] [2025-05-20T21:31:44.757Z] Object "/hosting/0" in "firebase.json" is missing required property: {"missingProperty":"site"}
[debug] [2025-05-20T21:31:44.757Z] Field "/hosting/0" in "firebase.json" is possibly invalid: must match a schema in anyOf
[debug] [2025-05-20T21:31:44.757Z] Field "/hosting" in "firebase.json" is possibly invalid: must match a schema in anyOf
[info] 
     ######## #### ########  ######## ########     ###     ######  ########
     ##        ##  ##     ## ##       ##     ##  ##   ##  ##       ##
     ######    ##  ########  ######   ########  #########  ######  ######
     ##        ##  ##    ##  ##       ##     ## ##     ##       ## ##
     ##       #### ##     ## ######## ########  ##     ##  ######  ########

You're about to initialize a Firebase project in this directory:

  /home/benbot16/Documents/cs481_asl/asl

Before we get started, keep in mind:

  * You are initializing within an existing Firebase project directory

[info] 
=== Project Setup
[info] 
[info] First, let's associate this project directory with a Firebase project.
[info] You can create multiple project aliases by running firebase use --add, 
[info] but for now we'll just set up a default project.
[info] 
[debug] [2025-05-20T21:31:44.758Z] Using project from CLI flag: asl-481
[debug] [2025-05-20T21:31:44.759Z] Checked if tokens are valid: true, expires at: 1747779226829
[debug] [2025-05-20T21:31:44.759Z] Checked if tokens are valid: true, expires at: 1747779226829
[debug] [2025-05-20T21:31:44.759Z] >>> [apiv2][query] GET https://firebase.googleapis.com/v1beta1/projects/asl-481 [none]
[debug] [2025-05-20T21:31:44.957Z] <<< [apiv2][status] GET https://firebase.googleapis.com/v1beta1/projects/asl-481 200
[debug] [2025-05-20T21:31:44.957Z] <<< [apiv2][body] GET https://firebase.googleapis.com/v1beta1/projects/asl-481 {"projectId":"asl-481","projectNumber":"193153394006","displayName":"ASL-481","name":"projects/asl-481","resources":{"hostingSite":"asl-481"},"state":"ACTIVE","etag":"1_ded08c76-c95b-451e-875b-d36eb7986bcd"}
[info] i  Using project asl-481 (ASL-481) 
[info] 
=== Hosting Setup
[debug] [2025-05-20T21:31:44.960Z] Checked if tokens are valid: true, expires at: 1747779226829
[debug] [2025-05-20T21:31:44.960Z] Checked if tokens are valid: true, expires at: 1747779226829
[debug] [2025-05-20T21:31:44.960Z] >>> [apiv2][query] GET https://firebase.googleapis.com/v1beta1/projects/asl-481 [none]
[debug] [2025-05-20T21:31:45.089Z] <<< [apiv2][status] GET https://firebase.googleapis.com/v1beta1/projects/asl-481 200
[debug] [2025-05-20T21:31:45.089Z] <<< [apiv2][body] GET https://firebase.googleapis.com/v1beta1/projects/asl-481 {"projectId":"asl-481","projectNumber":"193153394006","displayName":"ASL-481","name":"projects/asl-481","resources":{"hostingSite":"asl-481"},"state":"ACTIVE","etag":"1_ded08c76-c95b-451e-875b-d36eb7986bcd"}
[debug] [2025-05-20T21:32:05.079Z] ExitPromptError: User force closed the prompt with SIGINT
    at Interface.sigint (/home/benbot16/.n/lib/node_modules/firebase-tools/node_modules/@inquirer/core/dist/commonjs/lib/create-prompt.js:100:37)
    at Interface.emit (node:events:518:28)
    at Interface.emit (node:domain:489:12)
    at [_ttyWrite] [as _ttyWrite] (node:internal/readline/interface:1128:18)
    at ReadStream.onkeypress (node:internal/readline/interface:267:20)
    at ReadStream.emit (node:events:530:35)
    at ReadStream.emit (node:domain:489:12)
    at emitKeys (node:internal/readline/utils:370:14)
    at emitKeys.next (<anonymous>)
    at ReadStream.onData (node:internal/readline/emitKeypressEvents:64:36)
[error] 
[error] Error: An unexpected error has occurred.
